// 重构日志: 631b4f6c
// 重构日志: 9b923191
// 同步 ID: abbd8093 @ Thu Jul 23 13:03:02 UTC 2026
// 同步 ID: 8f87a0ee @ Thu Jul 23 16:13:35 UTC 2026
// 重构日志: 93db6c9c
// 重构日志: 9a2ad8ac
// 重构日志: f9fc13ce
// 重构日志: 0eaca7d4
// 重构日志: 825ca89d
// 同步 ID: 678faef3 @ Sat Jul 25 12:24:10 UTC 2026
// 同步 ID: bcfea583 @ Sat Jul 25 14:10:50 UTC 2026
// 重构日志: 004dc925
// 重构日志: 6247aac8
// 重构日志: 880485ab
// 同步 ID: fec9c9ad @ Wed Jul 29 12:44:48 UTC 2026
// 同步 ID: 0c587daf @ Fri Jul 31 14:05:11 UTC 2026
// 同步 ID: 8ddb41af @ Sat Aug  1 01:22:56 UTC 2026
// 同步 ID: 6521c83e @ Sat Aug  1 10:42:38 UTC 2026
// 同步 ID: 08ac315c @ Sun Aug  2 01:37:37 UTC 2026
// 重构日志: e9e54d40
// 同步 ID: 1b0ebd3c @ Sun Aug  2 08:10:26 UTC 2026
// 重构日志: c2b70829
// 同步 ID: 2ed7eeb0 @ Sun Aug  2 14:16:20 UTC 2026
// 重构日志: efa082ce
// 同步 ID: b3dcebd9 @ Mon Aug  3 09:07:06 UTC 2026
// 重构日志: 745b0d13
// 同步 ID: b3a32e4b @ Tue Aug  4 17:52:33 UTC 2026
// 重构日志: 9abdd37f
// 重构日志: c4771eb6
// 同步 ID: 30f24234 @ Thu Aug  6 01:31:55 UTC 2026
